Last login: Tue Apr 13 18:46:02 on ttys000
amnahussain@Amnas-MacBook-Air ~ % pwd
/Users/amnahussain
amnahussain@Amnas-MacBook-Air ~ % cd ~/
amnahussain@Amnas-MacBook-Air ~ % pwd
/Users/amnahussain
amnahussain@Amnas-MacBook-Air ~ % mkdir ./exercises 
amnahussain@Amnas-MacBook-Air ~ % 
amnahussain@Amnas-MacBook-Air ~ % mkdir ./exercises 
mkdir: ./exercises: File exists
amnahussain@Amnas-MacBook-Air ~ % pwd
/Users/amnahussain
amnahussain@Amnas-MacBook-Air ~ % cd ~/excercises
cd: no such file or directory: /Users/amnahussain/excercises
amnahussain@Amnas-MacBook-Air ~ % mkdir ./exercises
mkdir: ./exercises: File exists
amnahussain@Amnas-MacBook-Air ~ % pwd
/Users/amnahussain
amnahussain@Amnas-MacBook-Air ~ % git clone https://utoronto.bootcampcontent.com/utoronto-bootcamp/utor-virt-bo-fsf-pt-04-2021-u-b.git ./              
fatal: destination path '.' already exists and is not an empty directory.
amnahussain@Amnas-MacBook-Air ~ % ls
Applications
Desktop
Documents
Downloads
Library
Movies
Music
Pictures
Public
demo-project
exercises
index.html
my-first-project
my-first-project-1
ssh-keygen –t rsa –b 4096 –C "amna.syeda98@gmail.com"
ssh-keygen –t rsa –b 4096 –C "amna.syeda98@gmail.com".pub
testsomething.txt
amnahussain@Amnas-MacBook-Air ~ % cd ~/exercises
amnahussain@Amnas-MacBook-Air exercises % git status
fatal: not a git repository (or any of the parent directories): .git
amnahussain@Amnas-MacBook-Air exercises % git checkout {master or main}
zsh: parse error near `}'
amnahussain@Amnas-MacBook-Air exercises % git fetch && git pull
fatal: not a git repository (or any of the parent directories): .git
amnahussain@Amnas-MacBook-Air exercises % 
